=== 娴嬭瘯1: 涓嶅甫 thinking 鍙傛暟 ===
content: "OK"
reasoning_content: "鐢ㄦ埛瑕佹眰鍥炲\"OK\"銆傝繖鏄竴涓潪甯哥畝鍗曠殑璇锋眰锛屾垜鍙渶瑕佸洖澶峔"OK\"鍗冲彲銆俓n\n涓嶉渶瑕佽繃搴︽€濊€冿紝鐩存帴鍥炲鍗冲彲銆?
鎵€鏈夊瓧娈? [ 'role', 'content', 'reasoning_content' ]

=== 娴嬭瘯2: 甯?thinking {type:disabled} 鍙傛暟 ===
content: "OK"
reasoning_content: ""
鎵€鏈夊瓧娈? [ 'role', 'content', 'reasoning_content' ]

=== 娴嬭瘯3: stop 鍙傛暟鏂瑰紡 ===
content: "OK"
reasoning_content: "鐢ㄦ埛瑕佹眰鍥炲\"OK\"銆傝繖鏄竴涓潪甯哥畝鍗曠殑璇锋眰锛屽彧闇€瑕佸洖澶峔"OK\"鍗冲彲銆備笉闇€瑕侀澶栫殑瑙ｉ噴鎴栧唴瀹广€?
鎵€鏈夊瓧娈? [ 'role', 'content', 'reasoning_content' ]
